/__w/CMSIS-Executorch/CMSIS-Executorch/scripts/generate_ai_layer_report.py:333: DeprecationWarning: datetime.datetime.utcnow() is deprecated and scheduled for removal in a future version. Use timezone-aware objects to represent datetimes in UTC: datetime.datetime.now(datetime.UTC).
  timestamp = datetime.utcnow().isoformat(timespec='seconds') + 'Z'
Generating comprehensive AI layer build report...
✅ Comprehensive report written to /__w/CMSIS-Executorch/CMSIS-Executorch/ai_layer/REPORT.md
📊 Found 9 libraries and 1 model assets
2026-01-09 14:19:57 [SUCCESS] Completed: Generate report
2026-01-09 14:19:57 [INFO] Build summary:
# ExecuTorch AI Layer Build Report

**Generated:** 2026-01-09T14:19:57Z
**Git Commit:** 3acc4bde2386 on clang-atfe-support
**Repository Status:** 🔄 Modified
**Last Commit:** 2026-01-09 15:13:58 +0100

## 📊 Build Summary

- **Libraries:** 9 static libraries
- **Models:** 1 model assets
- **Operators:** 9 selected operators
- **Build Type:** Release

## 📚 Library Assets

**Total Size:** 6.3 MiB

| Library | Size | Percentage | Modified | Hash |
|---------|------|------------|----------|------|
| libcortex_m_kernels.a | 20.5 KiB | 0.3% | 2026-01-09 14:19:54 | `d08dbc3410bfde66` |
| libcortex_m_ops_lib.a | 14.5 KiB | 0.2% | 2026-01-09 14:19:54 | `85dc022cccda918d` |
| libexecutorch.a | 55.5 KiB | 0.9% | 2026-01-09 14:19:54 | `b9c6b207a1b6d790` |
| libexecutorch_core.a | 220.9 KiB | 3.4% | 2026-01-09 14:19:54 | `30dc9fde768d1242` |
| libexecutorch_delegate_ethos_u.a | 18.0 KiB | 0.3% | 2026-01-09 14:19:54 | `dfe8caf59ea5309a` |
| libportable_kernels.a | 5.6 MiB | 87.8% | 2026-01-09 14:19:54 | `6dca6d68a1c38d58` |
| libportable_ops_lib.a | 208.9 KiB | 3.2% | 2026-01-09 14:19:54 | `d655c65a58f3f28b` |
| libquantized_kernels.a | 228.6 KiB | 3.5% | 2026-01-09 14:19:54 | `27fe8cea80dbe7d9` |
| libquantized_ops_lib.a | 27.9 KiB | 0.4% | 2026-01-09 14:19:54 | `b1580e13c1f457f5` |

## 🤖 Model Assets

| Asset | Type | Size | Modified | Hash |
|-------|------|------|----------|------|
| ethos_u_minimal_example.pte | Model | 3.7 KiB | 2026-01-09 14:19:56 | `64b1c8be310fada7` |

## ⚙️ Build Configuration

### CMake Configuration
- **Build Type:** `Release`
- **Toolchain File:** `/__w/CMSIS-Executorch/CMSIS-Executorch/model/clang.cmake`
- **ARM Baremetal:** `ON`
- **Cortex-M Support:** `ON`
- **Portable Ops:** `ON`
- **Quantized Kernels:** `ON`

### Selected Operators

**Count:** 9 operators

2026-01-09 14:19:57 [SUCCESS] Build completed successfully!
📋 Build logs saved to: ai_layer/logs/
