[Stage2] Using operator list from file: /__w/CMSIS-Executorch/CMSIS-Executorch/model/operators_minimal.txt
[Stage2] Operators: aten::add.out,aten::mul.out,aten::relu.out,aten::view_copy.out,aten::permute_copy.out,aten::conv2d.out,aten::linear.out,aten::sigmoid.out,aten::softmax.out
[Stage2] Configuring selective portable ops build...
[Stage2] Strategy: Manual operator list
-- Found ARM toolchain in ExecuTorch path: /workspace/executorch/examples/arm/ethos-u-scratch/ATfE-21.1.1/bin
-- Found ARM toolchain in ExecuTorch path: /workspace/executorch/examples/arm/ethos-u-scratch/ATfE-21.1.1/bin
-- The C compiler identification is Clang 21.1.1
-- The CXX compiler identification is Clang 21.1.1
-- Detecting C compiler ABI info
-- Detecting C compiler ABI info - done
-- Check for working C compiler: /workspace/executorch/examples/arm/ethos-u-scratch/ATfE-21.1.1/bin/clang - skipped
-- Detecting C compile features
-- Detecting C compile features - done
-- Detecting CXX compiler ABI info
-- Detecting CXX compiler ABI info - done
-- Check for working CXX compiler: /workspace/executorch/examples/arm/ethos-u-scratch/ATfE-21.1.1/bin/clang++ - skipped
-- Detecting CXX compile features
-- Detecting CXX compile features - done
-- ccache not found, builds will not be cached
-- Using the multi-header code from /workspace/executorch/third-party/json/include/
CMake Deprecation Warning at third-party/gflags/CMakeLists.txt:73 (cmake_minimum_required):
  Compatibility with CMake < 3.10 will be removed from a future version of
  CMake.

  Update the VERSION argument <min> value.  Or, use the <min>...<max> syntax
  to tell CMake that the project requires at least <min> but has been updated
  to work with policies introduced by <max> or earlier.


-- Looking for C++ include unistd.h
-- Looking for C++ include unistd.h - found
-- Looking for C++ include stdint.h
-- Looking for C++ include stdint.h - found
-- Looking for C++ include inttypes.h
-- Looking for C++ include inttypes.h - found
-- Looking for C++ include sys/types.h
-- Looking for C++ include sys/types.h - found
-- Looking for C++ include sys/stat.h
-- Looking for C++ include sys/stat.h - found
-- Looking for C++ include fnmatch.h
-- Looking for C++ include fnmatch.h - found
-- Looking for C++ include stddef.h
-- Looking for C++ include stddef.h - found
-- Check size of uint32_t
-- Check size of uint32_t - done
-- Looking for strtoll
-- Looking for strtoll - found
CMake Deprecation Warning at third-party/flatcc/CMakeLists.txt:2 (cmake_minimum_required):
  Compatibility with CMake < 3.10 will be removed from a future version of
  CMake.

  Update the VERSION argument <min> value.  Or, use the <min>...<max> syntax
  to tell CMake that the project requires at least <min> but has been updated
  to work with policies introduced by <max> or earlier.


-- dist install dir /workspace/executorch/third-party/flatcc
-- lib install dir /workspace/executorch/third-party/flatcc/lib
-- Setting Clang compiler options
-- Configured C_FLAGS:  -DFLATCC_REFLECTION=0 -Wstrict-prototypes -Wsign-conversion -Wconversion -std=c11 -pedantic -Wall -Wextra -Werror
CMake Deprecation Warning at backends/xnnpack/third-party/FXdiv/CMakeLists.txt:1 (CMAKE_MINIMUM_REQUIRED):
  Compatibility with CMake < 3.10 will be removed from a future version of
  CMake.

  Update the VERSION argument <min> value.  Or, use the <min>...<max> syntax
  to tell CMake that the project requires at least <min> but has been updated
  to work with policies introduced by <max> or earlier.


-- Generating selected operator lib:
--   LIB_NAME: portable_ops_lib
--   OPS_SCHEMA_YAML: /workspace/executorch/kernels/portable/functions.yaml
--   ROOT_OPS: 
--   INCLUDE_ALL_OPS: 
--   OPS_FROM_MODEL: 
--   DTYPE_SELECTIVE_BUILD: 
Command - python3;-m;codegen.tools.gen_oplist;--output_path=/__w/CMSIS-Executorch/CMSIS-Executorch/out/stage2/kernels/portable/portable_ops_lib/selected_operators.yaml;--ops_schema_yaml_path="/workspace/executorch/kernels/portable/functions.yaml"
-- Generating kernel bindings:
--   LIB_NAME: portable_ops_lib
--   FUNCTIONS_YAML: /workspace/executorch/kernels/portable/functions.yaml
--   CUSTOM_OPS_YAML: 
--   ADD_EXCEPTION_BOUNDARY: FALSE
--   DTYPE_SELECTIVE_BUILD: 
Generated files /__w/CMSIS-Executorch/CMSIS-Executorch/out/stage2/kernels/portable/portable_ops_lib/RegisterCodegenUnboxedKernelsEverything.cpp;/__w/CMSIS-Executorch/CMSIS-Executorch/out/stage2/kernels/portable/portable_ops_lib/Functions.h;/__w/CMSIS-Executorch/CMSIS-Executorch/out/stage2/kernels/portable/portable_ops_lib/NativeFunctions.h
-- Generating operator lib:
--   LIB_NAME: portable_ops_lib
--   KERNEL_LIBS: portable_kernels
--   DEPS: executorch_core
--   DTYPE_SELECTIVE_BUILD: 
-- Generating selected operator lib:
--   LIB_NAME: executorch_selected_kernels
--   OPS_SCHEMA_YAML: 
--   ROOT_OPS: aten::add.out,aten::mul.out,aten::relu.out,aten::view_copy.out,aten::permute_copy.out,aten::conv2d.out,aten::linear.out,aten::sigmoid.out,aten::softmax.out
--   INCLUDE_ALL_OPS: FALSE
--   OPS_FROM_MODEL: 
--   DTYPE_SELECTIVE_BUILD: ON
CMake Error at tools/cmake/Codegen.cmake:32 (message):
    DTYPE_SELECTIVE_BUILD is only support with model API, please pass in a model
Call Stack (most recent call first):
  CMakeLists.txt:978 (gen_selected_ops)


-- Configuring incomplete, errors occurred!
